2026-05-18 00:00:00 - analyzer - INFO - Log initialized
2026-05-13 22:34:01,233 - app - INFO - CSS loaded successfully from style.css
2026-05-13 22:34:01,244 - app - INFO - Loaded 8 genes from database
2026-05-13 22:34:31,268 - app - INFO - CSS loaded successfully from style.css
2026-05-13 22:34:31,276 - app - INFO - Loaded 8 genes from database
2026-05-13 22:34:40,770 - app - INFO - CSS loaded successfully from style.css
2026-05-13 22:34:40,776 - app - INFO - Loaded 8 genes from database
2026-05-13 22:34:45,418 - app - INFO - CSS loaded successfully from style.css
2026-05-13 22:34:45,428 - app - INFO - Loaded 8 genes from database
2026-05-13 22:34:50,029 - app - INFO - CSS loaded successfully from style.css
2026-05-13 22:34:50,032 - app - INFO - Loaded 8 genes from database
2026-05-13 22:34:56,364 - app - INFO - CSS loaded successfully from style.css
2026-05-13 22:34:56,371 - app - INFO - Loaded 8 genes from database
2026-05-13 22:35:08,590 - app - INFO - CSS loaded successfully from style.css
2026-05-13 22:35:08,592 - app - INFO - Loaded 8 genes from database
2026-05-13 22:35:15,082 - app - INFO - CSS loaded successfully from style.css
2026-05-13 22:35:15,090 - app - INFO - Loaded 8 genes from database
2026-05-13 22:35:20,214 - app - INFO - CSS loaded successfully from style.css
2026-05-13 22:35:20,229 - app - INFO - Loaded 8 genes from database
2026-05-13 23:10:22,574 - __main__ - INFO - CSS loaded successfully from style.css
2026-05-13 23:10:22,605 - __main__ - INFO - Loaded 8 genes from database
2026-05-15 20:11:57,346 - __main__ - INFO - CSS loaded successfully from style.css
2026-05-15 20:11:57,366 - __main__ - INFO - Loaded 8 genes from database
2026-05-15 20:14:12,486 - __main__ - INFO - CSS loaded successfully from style.css
2026-05-15 20:45:39,726 - __main__ - INFO - CSS loaded successfully from style.css
2026-05-15 20:45:42,701 - __main__ - INFO - CSS loaded successfully from style.css
2026-05-15 21:15:27,922 - __main__ - INFO - CSS loaded successfully from style.css
2026-05-15 21:15:37,906 - __main__ - INFO - CSS loaded successfully from style.css
2026-05-15 21:15:40,506 - __main__ - INFO - CSS loaded successfully from style.css
2026-05-15 21:15:40,547 - __main__ - INFO - Starting analysis for sequence of length 886 bp
2026-05-15 21:15:40,558 - __main__ - INFO - Database comparison completed: 3 matches
2026-05-15 21:15:40,560 - __main__ - INFO - Mutation detection completed: 48 mutations found
2026-05-15 21:15:40,560 - __main__ - INFO - AI interpretation completed successfully
2026-05-15 21:15:40,563 - __main__ - INFO - Analysis session state saved
2026-05-15 21:15:47,331 - __main__ - INFO - CSS loaded successfully from style.css
2026-05-15 21:15:47,368 - __main__ - INFO - Starting analysis for sequence of length 886 bp
2026-05-15 21:15:47,372 - __main__ - INFO - Database comparison completed: 3 matches
2026-05-15 21:15:47,373 - __main__ - INFO - Mutation detection completed: 48 mutations found
2026-05-15 21:15:47,373 - __main__ - INFO - AI interpretation completed successfully
2026-05-15 21:15:47,373 - __main__ - INFO - Analysis session state saved
2026-05-15 21:16:00,375 - __main__ - INFO - CSS loaded successfully from style.css
2026-05-15 21:16:00,715 - __main__ - INFO - CSS loaded successfully from style.css
2026-05-15 21:16:00,739 - __main__ - INFO - Starting analysis for sequence of length 886 bp
2026-05-15 21:16:00,752 - __main__ - INFO - Database comparison completed: 3 matches
2026-05-15 21:16:00,752 - __main__ - INFO - Mutation detection completed: 48 mutations found
2026-05-15 21:16:00,752 - __main__ - INFO - AI interpretation completed successfully
2026-05-15 21:16:00,756 - __main__ - INFO - Analysis session state saved
2026-05-15 21:18:56,848 - __main__ - INFO - CSS loaded successfully from style.css
2026-05-15 21:18:56,965 - __main__ - INFO - CSV export created: C:\Downloads\IA\results\analysis_20260515_211856.csv
2026-05-15 21:18:59,683 - __main__ - INFO - CSS loaded successfully from style.css
2026-05-15 23:19:23,547 - __main__ - INFO - CSS loaded successfully from style.css
2026-05-15 23:19:38,513 - __main__ - INFO - CSS loaded successfully from style.css
2026-05-15 23:19:41,931 - __main__ - INFO - CSS loaded successfully from style.css
2026-05-15 23:19:41,969 - __main__ - INFO - Starting analysis for sequence of length 886 bp
2026-05-15 23:19:41,975 - __main__ - ERROR - Database comparison failed: module 'bioinformatics' has no attribute 'detect_sequence_type'
2026-05-15 23:19:41,979 - __main__ - INFO - AI interpretation completed successfully
2026-05-15 23:19:41,984 - __main__ - INFO - Analysis session state saved
2026-05-16 10:50:27,077 - app - INFO - CSS loaded successfully from style.css
2026-05-16 10:50:27,100 - app - INFO - Loaded 8 genes from database
2026-05-16 11:04:08,746 - __main__ - INFO - CSS loaded successfully from style.css
2026-05-16 11:04:08,766 - __main__ - INFO - Loaded 8 genes from database
2026-05-16 11:04:19,785 - __main__ - INFO - CSS loaded successfully from style.css
2026-05-16 11:04:23,554 - __main__ - INFO - CSS loaded successfully from style.css
2026-05-16 11:04:23,598 - __main__ - INFO - Starting analysis for record 1/1: Sequence 1
2026-05-16 11:04:23,606 - __main__ - INFO - Analysis session state saved
2026-05-16 11:11:23,226 - __main__ - INFO - CSS loaded successfully from style.css
2026-05-16 11:11:32,922 - __main__ - INFO - CSS loaded successfully from style.css
2026-05-16 11:11:40,070 - __main__ - INFO - CSS loaded successfully from style.css
2026-05-16 11:11:40,110 - __main__ - INFO - Starting analysis for record 1/1: Sequence 1
2026-05-16 11:11:40,133 - __main__ - INFO - Analysis session state saved
2026-05-16 11:15:05,742 - __main__ - INFO - CSS loaded successfully from style.css
2026-05-16 11:15:14,789 - __main__ - INFO - CSS loaded successfully from style.css
2026-05-16 11:15:17,944 - __main__ - INFO - CSS loaded successfully from style.css
2026-05-16 11:15:18,000 - __main__ - INFO - Starting analysis for record 1/1: Sequence 1
2026-05-16 11:15:18,020 - __main__ - INFO - Analysis session state saved
2026-05-18 19:12:07,892 - __main__ - INFO - CSS loaded successfully from style.css
2026-05-18 19:12:07,903 - __main__ - INFO - Loaded 8 genes from database
2026-05-18 19:22:27,288 - __main__ - INFO - CSS loaded successfully from style.css
2026-05-18 19:22:35,227 - __main__ - INFO - CSS loaded successfully from style.css
2026-05-18 19:22:38,419 - __main__ - INFO - CSS loaded successfully from style.css
2026-05-18 19:22:38,444 - __main__ - INFO - Starting analysis for record 1/1: Sequence 1
2026-05-18 19:22:38,518 - __main__ - INFO - Analysis session state saved
2026-05-18 20:50:27,097 - __main__ - INFO - CSS loaded successfully from style.css
2026-05-18 20:50:27,148 - __main__ - INFO - Loaded 13 genes from database
2026-05-18 20:59:05,469 - __main__ - INFO - CSS loaded successfully from style.css
2026-05-18 20:59:07,576 - __main__ - INFO - CSS loaded successfully from style.css
2026-05-18 21:38:57,539 - __main__ - INFO - CSS loaded successfully from style.css
2026-05-18 21:38:57,575 - __main__ - INFO - Loaded 13 genes from database
2026-05-18 21:39:49,930 - __main__ - INFO - CSS loaded successfully from style.css
2026-05-18 21:40:11,357 - __main__ - INFO - CSS loaded successfully from style.css
2026-05-18 21:40:13,739 - __main__ - INFO - CSS loaded successfully from style.css
2026-05-18 21:40:13,779 - __main__ - INFO - Starting analysis for record 1/1: PR1_Tomato | Pathogenesis-related protein 1
2026-05-18 21:40:13,793 - __main__ - INFO - Analysis session state saved
2026-05-18 21:40:40,654 - __main__ - INFO - CSS loaded successfully from style.css
2026-05-18 21:40:41,076 - __main__ - INFO - CSS loaded successfully from style.css
2026-05-18 21:40:50,449 - __main__ - WARNING - Failed to render dendrogram: 
    Invalid value of type 'builtins.str' received for the 'color' property of scatter.line
        Received value: 'C0'

    The 'color' property is a color and may be specified as:
      - A hex string (e.g. '#ff0000')
      - An rgb/rgba string (e.g. 'rgb(255,0,0)')
      - An hsl/hsla string (e.g. 'hsl(0,100%,50%)')
      - An hsv/hsva string (e.g. 'hsv(0,100%,100%)')
      - A named CSS color: see https://plotly.com/python/css-colors/ for a list
2026-05-18 21:45:39,363 - __main__ - INFO - CSS loaded successfully from style.css
2026-05-18 21:45:40,140 - __main__ - WARNING - Failed to render dendrogram: plotly.graph_objs._figure.Figure.update_layout() got multiple values for keyword argument 'xaxis'
2026-05-18 21:45:42,886 - __main__ - INFO - CSS loaded successfully from style.css
2026-05-18 21:45:43,324 - __main__ - WARNING - Failed to render dendrogram: plotly.graph_objs._figure.Figure.update_layout() got multiple values for keyword argument 'xaxis'
2026-05-18 21:45:47,836 - __main__ - INFO - CSS loaded successfully from style.css
2026-05-18 21:46:01,214 - __main__ - INFO - CSS loaded successfully from style.css
2026-05-18 21:46:01,482 - __main__ - INFO - CSS loaded successfully from style.css
2026-05-18 21:46:01,523 - __main__ - INFO - Starting analysis for record 1/1: PR1_Tomato | Pathogenesis-related protein 1
2026-05-18 21:46:01,530 - __main__ - INFO - Analysis session state saved
2026-05-18 21:46:08,565 - __main__ - INFO - CSS loaded successfully from style.css
2026-05-18 21:46:08,932 - __main__ - INFO - CSS loaded successfully from style.css
2026-05-18 21:46:57,513 - __main__ - INFO - CSS loaded successfully from style.css
2026-05-18 21:46:57,922 - __main__ - INFO - CSS loaded successfully from style.css
2026-05-18 21:47:06,884 - __main__ - INFO - CSS loaded successfully from style.css
2026-05-18 21:47:07,338 - __main__ - INFO - CSS loaded successfully from style.css
2026-05-18 21:47:11,448 - __main__ - INFO - CSS loaded successfully from style.css
2026-05-18 21:47:11,866 - __main__ - INFO - CSS loaded successfully from style.css
2026-05-18 21:47:12,363 - __main__ - WARNING - Failed to render dendrogram: plotly.graph_objs._figure.Figure.update_layout() got multiple values for keyword argument 'xaxis'
2026-06-02 22:57:39,582 - __main__ - INFO - CSS loaded successfully from style.css
2026-06-02 22:57:39,595 - __main__ - INFO - Loaded 13 genes from database
2026-06-03 11:34:08,401 - __main__ - INFO - CSS loaded successfully from style.css
2026-06-03 11:34:08,427 - __main__ - INFO - Loaded 2 genes from database
2026-06-03 11:46:02,037 - __main__ - INFO - CSS loaded successfully from style.css
2026-06-03 11:49:02,722 - __main__ - INFO - CSS loaded successfully from style.css
2026-06-03 11:49:02,732 - __main__ - INFO - Loaded 2 genes from database
2026-06-03 11:49:08,471 - __main__ - INFO - CSS loaded successfully from style.css
2026-06-03 11:50:58,497 - __main__ - INFO - CSS loaded successfully from style.css
2026-06-03 11:51:12,765 - __main__ - INFO - CSS loaded successfully from style.css
2026-06-03 11:51:27,198 - __main__ - INFO - CSS loaded successfully from style.css
2026-06-03 11:51:28,901 - __main__ - INFO - CSS loaded successfully from style.css
2026-06-03 11:51:28,925 - __main__ - INFO - Starting analysis for record 1/1: Sequence 1
2026-06-03 11:51:28,936 - __main__ - WARNING - Database comparison failed: 'sequence'
2026-06-03 11:51:28,938 - __main__ - INFO - Analysis session state saved
2026-06-03 11:51:41,857 - __main__ - INFO - CSS loaded successfully from style.css
2026-06-03 11:53:09,767 - __main__ - INFO - CSS loaded successfully from style.css
2026-06-03 11:53:13,677 - __main__ - INFO - CSS loaded successfully from style.css
2026-06-03 11:53:13,727 - __main__ - INFO - Starting analysis for record 1/1: Sequence 1
2026-06-03 11:53:13,742 - __main__ - WARNING - Database comparison failed: 'sequence'
2026-06-03 11:53:13,742 - __main__ - INFO - Analysis session state saved
2026-06-03 12:03:04,433 - __main__ - INFO - CSS loaded successfully from style.css
2026-06-03 12:07:50,146 - __main__ - INFO - CSS loaded successfully from style.css
2026-06-03 12:07:50,977 - __main__ - INFO - CSS loaded successfully from style.css
2026-06-03 12:07:51,942 - __main__ - INFO - CSS loaded successfully from style.css
2026-06-03 12:07:55,562 - __main__ - INFO - CSS loaded successfully from style.css
2026-06-03 12:07:59,767 - __main__ - INFO - CSS loaded successfully from style.css
2026-06-03 12:08:00,299 - __main__ - INFO - CSS loaded successfully from style.css
2026-06-03 12:08:01,905 - __main__ - INFO - CSS loaded successfully from style.css
2026-06-05 22:45:05,032 - __main__ - INFO - CSS loaded successfully from style.css
2026-06-05 22:45:11,243 - __main__ - INFO - Loaded 24 genes from PostgreSQL
2026-06-05 22:45:58,054 - __main__ - INFO - CSS loaded successfully from style.css
2026-06-05 22:45:58,246 - __main__ - INFO - CSS loaded successfully from style.css
2026-06-05 22:45:58,284 - __main__ - INFO - Starting analysis for record 1/1: Sequence 1
2026-06-05 22:45:58,306 - __main__ - INFO - Analysis session state saved
2026-06-05 22:48:09,967 - __main__ - INFO - CSS loaded successfully from style.css
2026-06-05 22:48:10,276 - __main__ - INFO - CSS loaded successfully from style.css
2026-06-05 22:48:30,562 - __main__ - INFO - CSS loaded successfully from style.css
2026-06-05 22:48:30,874 - __main__ - INFO - CSS loaded successfully from style.css
2026-06-05 22:48:37,472 - __main__ - INFO - CSS loaded successfully from style.css
2026-06-05 22:48:37,977 - __main__ - INFO - CSS loaded successfully from style.css
2026-06-05 22:48:42,686 - __main__ - INFO - CSS loaded successfully from style.css
2026-06-05 22:48:43,030 - __main__ - INFO - CSS loaded successfully from style.css
2026-06-05 22:49:24,437 - __main__ - INFO - CSS loaded successfully from style.css
2026-06-05 22:49:45,545 - __main__ - INFO - CSS loaded successfully from style.css
2026-06-05 22:49:55,298 - __main__ - INFO - CSS loaded successfully from style.css
2026-06-05 22:49:57,755 - __main__ - INFO - CSS loaded successfully from style.css
2026-06-05 22:53:24,845 - __main__ - INFO - CSS loaded successfully from style.css
2026-06-05 22:53:31,057 - __main__ - INFO - CSS loaded successfully from style.css
2026-06-05 22:53:33,520 - __main__ - INFO - CSS loaded successfully from style.css
2026-06-05 22:53:34,224 - __main__ - INFO - CSS loaded successfully from style.css
2026-06-05 22:53:34,283 - __main__ - INFO - Starting analysis for record 1/4: DREB1A_Arabidopsis_drought_resistance | GC=62% | trait=drought-stress
2026-06-05 22:53:34,306 - __main__ - INFO - Starting analysis for record 2/4: HSP70_Heat_shock_protein_Arabidopsis | GC=65% | trait=heat-stress
2026-06-05 22:53:34,324 - __main__ - INFO - Starting analysis for record 3/4: PR1_Pathogenesis_related_protein_Arabidopsis | GC=58% | trait=disease-resistance
2026-06-05 22:53:34,345 - __main__ - INFO - Starting analysis for record 4/4: RbcL_Ribulose_bisphosphate_carboxylase_photosynthesis | GC=55% | trait=photosynthesis
2026-06-05 22:53:34,368 - __main__ - INFO - Analysis session state saved
2026-06-06 09:42:26,974 - __main__ - INFO - CSS loaded successfully from style.css
2026-06-06 09:43:49,210 - __main__ - INFO - CSS loaded successfully from style.css
2026-06-06 09:46:48,539 - __main__ - WARNING - PostgreSQL load failed: connection timeout expired
Multiple connection attempts failed. All failures were:
- host: 'aws-1-ap-northeast-1.pooler.supabase.com', port: '6543', hostaddr: '13.114.6.6': connection timeout expired
- host: 'aws-1-ap-northeast-1.pooler.supabase.com', port: '6543', hostaddr: '57.182.231.186': connection timeout expired
2026-06-06 09:46:48,587 - __main__ - INFO - Loaded 13 genes from database
2026-06-06 10:05:41,933 - __main__ - INFO - CSS loaded successfully from style.css
2026-06-06 10:06:54,315 - __main__ - INFO - CSS loaded successfully from style.css
2026-06-06 10:09:20,291 - __main__ - INFO - CSS loaded successfully from style.css
2026-06-06 10:09:29,684 - __main__ - INFO - CSS loaded successfully from style.css
2026-06-06 10:09:41,201 - __main__ - INFO - CSS loaded successfully from style.css
2026-06-06 10:09:42,032 - __main__ - INFO - CSS loaded successfully from style.css
2026-06-06 10:09:42,566 - __main__ - INFO - CSS loaded successfully from style.css
2026-06-06 10:11:48,218 - __main__ - INFO - CSS loaded successfully from style.css
2026-06-06 10:17:44,487 - __main__ - INFO - CSS loaded successfully from style.css
2026-06-06 10:18:01,629 - __main__ - INFO - CSS loaded successfully from style.css
2026-06-06 10:18:05,565 - __main__ - INFO - CSS loaded successfully from style.css
2026-06-06 10:18:05,607 - __main__ - INFO - Starting analysis for record 1/4: DREB1A_Arabidopsis_drought_resistance | GC=62% | trait=drought-stress
2026-06-06 10:18:05,619 - __main__ - INFO - Starting analysis for record 2/4: HSP70_Heat_shock_protein_Arabidopsis | GC=65% | trait=heat-stress
2026-06-06 10:18:05,623 - __main__ - INFO - Starting analysis for record 3/4: PR1_Pathogenesis_related_protein_Arabidopsis | GC=58% | trait=disease-resistance
2026-06-06 10:18:05,629 - __main__ - INFO - Starting analysis for record 4/4: RbcL_Ribulose_bisphosphate_carboxylase_photosynthesis | GC=55% | trait=photosynthesis
2026-06-06 10:18:05,636 - __main__ - INFO - Analysis session state saved
2026-06-06 10:19:05,560 - __main__ - INFO - CSS loaded successfully from style.css
2026-06-06 10:20:35,458 - __main__ - INFO - CSS loaded successfully from style.css
2026-06-06 10:20:35,483 - __main__ - INFO - Starting analysis for record 1/4: DREB1A_Arabidopsis_drought_resistance | GC=62% | trait=drought-stress
2026-06-06 10:20:35,487 - __main__ - INFO - Starting analysis for record 2/4: HSP70_Heat_shock_protein_Arabidopsis | GC=65% | trait=heat-stress
2026-06-06 10:20:35,492 - __main__ - INFO - Starting analysis for record 3/4: PR1_Pathogenesis_related_protein_Arabidopsis | GC=58% | trait=disease-resistance
2026-06-06 10:20:35,500 - __main__ - INFO - Starting analysis for record 4/4: RbcL_Ribulose_bisphosphate_carboxylase_photosynthesis | GC=55% | trait=photosynthesis
2026-06-06 10:20:35,505 - __main__ - INFO - Analysis session state saved
2026-06-07 10:51:55,320 - __main__ - INFO - CSS loaded successfully from style.css
2026-06-07 10:51:58,191 - __main__ - INFO - Loaded 24 genes from PostgreSQL
2026-06-07 10:52:23,628 - __main__ - INFO - CSS loaded successfully from style.css
2026-06-07 10:52:31,087 - __main__ - INFO - CSS loaded successfully from style.css
2026-06-07 10:52:31,129 - __main__ - INFO - Starting analysis for record 1/1: DREB1A_Arabidopsis_drought_resistance | GC=62% | trait=drought-stress
2026-06-07 10:52:31,154 - __main__ - INFO - Analysis session state saved
2026-06-07 12:04:19,816 - __main__ - INFO - CSS loaded successfully from style.css
2026-06-07 12:04:22,607 - __main__ - INFO - Loaded 24 genes from PostgreSQL
2026-06-07 12:04:35,128 - __main__ - INFO - CSS loaded successfully from style.css
2026-06-07 12:04:37,790 - __main__ - INFO - CSS loaded successfully from style.css
2026-06-07 12:04:37,837 - __main__ - INFO - Starting analysis for record 1/1: DREB1A_Arabidopsis_drought_resistance | GC=62% | trait=drought-stress
2026-06-07 12:04:37,862 - __main__ - INFO - Analysis session state saved
2026-06-07 19:08:05,814 - __main__ - INFO - CSS loaded successfully from style.css
2026-06-07 19:08:11,298 - __main__ - INFO - Loaded 24 genes from PostgreSQL
2026-06-07 19:08:58,502 - __main__ - INFO - CSS loaded successfully from style.css
2026-06-07 19:09:29,416 - __main__ - INFO - CSS loaded successfully from style.css
2026-06-07 19:09:29,473 - __main__ - INFO - Starting analysis for record 1/1: DREB1A_Arabidopsis_drought_resistance | GC=62% | trait=drought-stress
2026-06-07 19:09:56,788 - __main__ - INFO - Analysis session state saved
2026-06-07 19:27:47,453 - __main__ - INFO - CSS loaded successfully from style.css
2026-06-07 19:27:52,027 - __main__ - INFO - CSS loaded successfully from style.css
2026-06-07 19:27:52,078 - __main__ - INFO - Starting analysis for record 1/1: Sequence 1
2026-06-07 19:28:13,163 - __main__ - INFO - Analysis session state saved
2026-06-10 09:42:55,281 - __main__ - INFO - CSS loaded successfully from style.css
2026-06-10 09:43:01,604 - __main__ - INFO - Loaded 24 genes from PostgreSQL
2026-06-10 09:43:43,927 - __main__ - INFO - CSS loaded successfully from style.css
2026-06-10 09:43:49,393 - __main__ - INFO - CSS loaded successfully from style.css
2026-06-10 09:43:49,423 - __main__ - INFO - Starting analysis for record 1/1: DREB1A_Arabidopsis_drought_resistance | GC=62% | trait=drought-stress
2026-06-10 09:44:02,517 - __main__ - INFO - Analysis session state saved
2026-06-10 09:44:26,020 - __main__ - INFO - CSS loaded successfully from style.css
2026-06-10 09:45:08,946 - __main__ - INFO - CSS loaded successfully from style.css
2026-06-10 09:45:09,168 - __main__ - INFO - CSS loaded successfully from style.css
2026-06-10 09:45:09,213 - __main__ - INFO - Starting analysis for record 1/1: Sequence 1
2026-06-10 09:45:39,286 - __main__ - INFO - Analysis session state saved
2026-06-10 09:46:22,906 - __main__ - INFO - CSS loaded successfully from style.css
2026-06-10 09:51:07,868 - __main__ - INFO - CSS loaded successfully from style.css
2026-06-10 09:51:12,091 - __main__ - INFO - CSS loaded successfully from style.css
2026-06-10 09:51:17,807 - __main__ - INFO - CSS loaded successfully from style.css
2026-06-10 09:51:18,039 - __main__ - INFO - CSS loaded successfully from style.css
2026-06-10 09:51:18,083 - __main__ - INFO - Starting analysis for record 1/1: Sequence 1
2026-06-10 09:51:48,282 - __main__ - INFO - Analysis session state saved
2026-06-10 09:53:10,221 - __main__ - INFO - CSS loaded successfully from style.css
2026-06-10 09:53:10,450 - __main__ - INFO - CSS loaded successfully from style.css
2026-06-10 09:53:17,456 - __main__ - INFO - CSS loaded successfully from style.css
2026-06-10 09:53:17,490 - __main__ - INFO - Starting analysis for record 1/1: Sequence 1
2026-06-10 09:53:31,182 - __main__ - INFO - Analysis session state saved
2026-06-10 09:57:28,836 - __main__ - INFO - CSS loaded successfully from style.css
2026-06-10 09:57:40,644 - __main__ - INFO - CSS loaded successfully from style.css
2026-06-10 09:57:42,776 - __main__ - INFO - CSS loaded successfully from style.css
2026-06-10 09:57:42,830 - __main__ - INFO - Starting analysis for record 1/1: Sequence 1
2026-06-10 09:58:14,032 - __main__ - INFO - Analysis session state saved
2026-06-10 11:34:40,499 - __main__ - INFO - CSS loaded successfully from style.css
2026-06-10 11:34:47,332 - __main__ - INFO - CSS loaded successfully from style.css
2026-06-10 11:42:35,254 - __main__ - INFO - CSS loaded successfully from style.css
2026-06-10 11:42:40,259 - __main__ - INFO - CSS loaded successfully from style.css
2026-06-10 11:43:46,751 - __main__ - INFO - CSS loaded successfully from style.css
2026-06-10 11:43:48,779 - __main__ - INFO - CSS loaded successfully from style.css
2026-06-10 11:51:37,800 - __main__ - INFO - CSS loaded successfully from style.css
2026-06-10 11:51:37,807 - __main__ - INFO - CSS loaded successfully from style.css
2026-06-14 21:54:43,037 - __main__ - INFO - CSS loaded successfully from style.css
2026-06-14 21:55:41,983 - __main__ - INFO - Loaded 993 genes from PostgreSQL
2026-06-14 21:56:24,956 - __main__ - INFO - CSS loaded successfully from style.css
2026-06-14 21:57:33,491 - __main__ - INFO - Loaded 993 genes from PostgreSQL
2026-06-15 22:18:28,624 - __main__ - INFO - CSS loaded successfully from style.css
2026-06-15 22:18:49,297 - __main__ - INFO - CSS loaded successfully from style.css
2026-06-15 22:21:29,134 - __main__ - WARNING - PostgreSQL load failed: canceling statement due to statement timeout
2026-06-15 22:21:29,177 - __main__ - INFO - Loaded 13 genes from database
2026-08-04 19:29:15,228 - __main__ - INFO - CSS loaded successfully from style.css
2026-08-04 19:29:15,516 - __main__ - INFO - Background video loaded from assets\images.mp4 (1.2 MB)
2026-08-04 19:30:55,531 - __main__ - INFO - CSS loaded successfully from style.css
2026-08-04 19:30:55,691 - __main__ - INFO - Background video loaded from assets\images.mp4 (1.2 MB)
2026-08-04 19:33:35,889 - __main__ - WARNING - PostgreSQL load failed: connection timeout expired
Multiple connection attempts failed. All failures were:
- host: 'localhost', port: '5433', hostaddr: '::1': connection timeout expired
- host: 'localhost', port: '5433', hostaddr: '127.0.0.1': connection timeout expired
2026-08-04 19:33:36,053 - __main__ - INFO - Loaded 13 genes from database
2026-08-04 19:38:15,666 - __main__ - INFO - CSS loaded successfully from style.css
2026-08-04 19:38:15,890 - __main__ - INFO - Background video loaded from assets\images.mp4 (1.2 MB)
2026-08-04 19:39:51,593 - __main__ - INFO - CSS loaded successfully from style.css
2026-08-04 19:39:51,762 - __main__ - INFO - Background video loaded from assets\images.mp4 (1.2 MB)
2026-08-04 19:44:12,158 - __main__ - WARNING - PostgreSQL load failed: connection timeout expired
Multiple connection attempts failed. All failures were:
- host: 'localhost', port: '5433', hostaddr: '::1': connection timeout expired
- host: 'localhost', port: '5433', hostaddr: '127.0.0.1': connection timeout expired
2026-08-04 19:44:12,348 - __main__ - INFO - Loaded 13 genes from database
2026-08-04 20:03:17,251 - __main__ - INFO - CSS loaded successfully from style.css
2026-08-04 20:03:17,522 - __main__ - INFO - Background video loaded from assets\images.mp4 (1.2 MB)
2026-08-05 21:52:22,301 - __main__ - INFO - CSS loaded successfully from style.css
2026-08-05 21:52:22,505 - __main__ - INFO - Background video loaded from assets\images.mp4 (1.2 MB)
2026-08-05 21:52:36,566 - __main__ - INFO - CSS loaded successfully from style.css
2026-08-05 21:52:36,707 - __main__ - INFO - Background video loaded from assets\images.mp4 (1.2 MB)
2026-08-05 21:52:37,050 - __main__ - INFO - CSS loaded successfully from style.css
2026-08-05 21:52:37,244 - __main__ - INFO - Background video loaded from assets\images.mp4 (1.2 MB)
2026-08-05 21:52:39,611 - __main__ - INFO - CSS loaded successfully from style.css
2026-08-05 21:52:39,750 - __main__ - INFO - Background video loaded from assets\images.mp4 (1.2 MB)
2026-08-05 22:09:46,656 - __main__ - INFO - Loaded 55979 genes from PostgreSQL
2026-08-05 22:10:38,812 - __main__ - INFO - Starting analysis for record 1/1: Sequence 1
2026-08-05 22:34:59,578 - __main__ - WARNING - Alignment against 'XM_002955015.1' failed: Sequence too long for pairwise alignment (5,017 > 5,000). This guard applies regardless of caller, so any direct use of this function (not just the main analysis pipeline) is protected from excessive memory/time use.
2026-08-20 20:55:12,485 - __main__ - INFO - CSS loaded successfully from style.css
2026-08-20 20:55:12,517 - __main__ - INFO - Loaded 13 genes from database
2026-08-20 20:55:12,527 - __main__ - INFO - K-mer index built for database (cached)
2026-08-20 21:01:29,143 - __main__ - INFO - CSS loaded successfully from style.css
2026-08-20 21:01:30,120 - __main__ - INFO - CSS loaded successfully from style.css
2026-08-20 21:01:34,043 - __main__ - INFO - CSS loaded successfully from style.css
2026-08-20 21:01:40,018 - __main__ - INFO - CSS loaded successfully from style.css
2026-08-24 22:02:52,803 - __main__ - INFO - CSS loaded successfully from style.css
2026-08-24 22:02:52,842 - __main__ - INFO - Loaded 195 genes from database
2026-08-24 22:02:53,558 - __main__ - INFO - K-mer index built for database (cached)
2026-08-24 22:03:29,969 - __main__ - INFO - CSS loaded successfully from style.css
2026-08-24 22:03:30,230 - __main__ - INFO - CSS loaded successfully from style.css
2026-08-24 22:03:30,333 - __main__ - INFO - Starting analysis for record 1/1: Sequence 1
2026-08-25 20:46:43,574 - __main__ - INFO - CSS loaded successfully from style.css
2026-08-25 20:46:43,635 - __main__ - INFO - Loaded 195 genes from database
2026-08-25 20:46:44,805 - __main__ - INFO - K-mer index built for database (cached)
2026-08-25 20:47:40,420 - __main__ - INFO - CSS loaded successfully from style.css
2026-08-25 20:47:40,434 - __main__ - INFO - Loaded 195 genes from database
2026-08-25 20:47:40,942 - __main__ - INFO - K-mer index built for database (cached)
2026-08-25 20:47:41,058 - __main__ - INFO - CSS loaded successfully from style.css
2026-08-25 20:47:41,167 - __main__ - INFO - CSS loaded successfully from style.css
2026-08-25 20:47:41,279 - __main__ - INFO - CSS loaded successfully from style.css
2026-08-25 20:48:29,713 - __main__ - INFO - CSS loaded successfully from style.css
2026-08-25 20:48:29,722 - __main__ - INFO - Loaded 195 genes from database
2026-08-25 20:48:30,136 - __main__ - INFO - K-mer index built for database (cached)
2026-08-25 20:48:30,209 - __main__ - INFO - CSS loaded successfully from style.css
2026-08-25 20:48:30,291 - __main__ - INFO - CSS loaded successfully from style.css
2026-08-25 20:49:53,593 - __main__ - INFO - CSS loaded successfully from style.css
2026-08-25 20:49:53,608 - __main__ - INFO - Loaded 195 genes from database
2026-08-25 20:49:54,120 - __main__ - INFO - K-mer index built for database (cached)
2026-08-25 20:49:54,214 - __main__ - INFO - CSS loaded successfully from style.css
2026-08-25 20:49:54,286 - __main__ - INFO - CSS loaded successfully from style.css
2026-08-25 20:49:54,438 - __main__ - INFO - CSS loaded successfully from style.css
2026-08-25 20:49:54,500 - __main__ - INFO - Starting analysis for record 1/2: cqi:110682188|Chenopodium quinoa
2026-08-25 20:55:42,309 - __main__ - INFO - CSS loaded successfully from style.css
2026-08-25 20:55:42,373 - __main__ - INFO - Loaded 195 genes from database
2026-08-25 20:55:42,936 - __main__ - INFO - K-mer index built for database (cached)
2026-08-25 20:56:39,192 - __main__ - INFO - CSS loaded successfully from style.css
2026-08-25 20:57:35,271 - __main__ - INFO - CSS loaded successfully from style.css
2026-08-25 20:57:35,289 - __main__ - INFO - Loaded 195 genes from database
2026-08-25 20:57:35,900 - __main__ - INFO - K-mer index built for database (cached)
2026-08-25 21:00:41,875 - __main__ - INFO - CSS loaded successfully from style.css
2026-08-25 21:03:08,429 - __main__ - INFO - CSS loaded successfully from style.css
2026-08-25 21:03:23,677 - __main__ - INFO - CSS loaded successfully from style.css
2026-08-25 21:03:33,014 - __main__ - INFO - CSS loaded successfully from style.css
2026-08-25 21:03:33,299 - __main__ - INFO - CSS loaded successfully from style.css
2026-08-25 21:03:57,065 - __main__ - INFO - CSS loaded successfully from style.css
2026-08-25 21:04:40,959 - __main__ - INFO - CSS loaded successfully from style.css
2026-08-25 21:04:49,219 - __main__ - INFO - CSS loaded successfully from style.css
2026-08-25 21:04:49,482 - __main__ - INFO - CSS loaded successfully from style.css
2026-08-25 21:04:49,543 - __main__ - INFO - Starting analysis for record 1/1: Sequence 1
2026-08-25 21:09:33,225 - __main__ - INFO - CSS loaded successfully from style.css
2026-08-30 23:47:09,919 - __main__ - INFO - CSS loaded successfully from style.css
2026-08-30 23:47:10,735 - __main__ - WARNING - Lightweight gene metadata load failed: relation "genes" does not exist
LINE 1: SELECT COUNT(*) FROM genes;
                             ^
2026-08-30 23:47:11,637 - __main__ - ERROR - PostgreSQL load failed: relation "genes" does not exist
LINE 6:                     FROM genes;
                                 ^
2026-08-30 23:54:06,119 - __main__ - INFO - CSS loaded successfully from style.css
2026-08-30 23:54:06,981 - __main__ - WARNING - Lightweight gene metadata load failed: relation "genes" does not exist
LINE 1: SELECT COUNT(*) FROM genes;
                             ^
2026-08-30 23:54:07,707 - __main__ - ERROR - PostgreSQL load failed: relation "genes" does not exist
LINE 6:                     FROM genes;
                                 ^
2026-08-30 23:55:27,578 - __main__ - INFO - CSS loaded successfully from style.css
2026-08-30 23:55:29,037 - __main__ - WARNING - Lightweight gene metadata load failed: relation "genes" does not exist
LINE 1: SELECT COUNT(*) FROM genes;
                             ^
2026-08-31 00:06:35,748 - __main__ - INFO - CSS loaded successfully from style.css
2026-08-31 00:06:59,326 - __main__ - INFO - Loaded 80938 genes from database
2026-08-31 00:07:45,719 - __main__ - INFO - CSS loaded successfully from style.css
2026-08-31 00:08:12,139 - __main__ - INFO - CSS loaded successfully from style.css
2026-08-31 00:08:13,135 - __main__ - INFO - CSS loaded successfully from style.css
2026-08-31 00:08:33,157 - __main__ - INFO - Loaded 80938 genes from database
2026-09-04 07:04:30,411 - __main__ - INFO - CSS loaded successfully from style.css
2026-09-04 07:04:37,579 - __main__ - INFO - CSS loaded successfully from style.css
2026-09-04 22:01:11,255 - app - INFO - CSS loaded successfully from style.css
2026-09-11 20:10:38,112 - __main__ - INFO - CSS loaded successfully from style.css
2026-09-11 20:12:41,929 - __main__ - INFO - CSS loaded successfully from style.css
2026-09-11 20:13:23,673 - __main__ - INFO - CSS loaded successfully from style.css
2026-09-11 20:43:09,398 - __main__ - INFO - CSS loaded successfully from style.css
2026-09-11 20:52:38,490 - __main__ - INFO - CSS loaded successfully from style.css
2026-09-11 20:52:44,478 - __main__ - INFO - CSS loaded successfully from style.css
2026-09-11 20:55:27,435 - __main__ - INFO - CSS loaded successfully from style.css
2026-09-11 21:29:24,073 - __main__ - INFO - CSS loaded successfully from style.css
2026-09-11 21:35:32,780 - __main__ - INFO - CSS loaded successfully from style.css
2026-09-11 21:38:18,869 - __main__ - INFO - CSS loaded successfully from style.css
2026-09-11 21:39:56,615 - __main__ - INFO - CSS loaded successfully from style.css
2026-09-11 21:40:02,287 - __main__ - INFO - CSS loaded successfully from style.css
2026-09-11 21:41:55,347 - __main__ - INFO - CSS loaded successfully from style.css
2026-09-11 21:42:00,187 - __main__ - INFO - CSS loaded successfully from style.css
2026-09-11 21:42:06,843 - __main__ - INFO - CSS loaded successfully from style.css
2026-09-12 06:27:07,703 - __main__ - INFO - CSS loaded successfully from style.css
2026-09-12 06:27:25,628 - __main__ - INFO - Loaded 80938 genes from database
2026-09-12 06:30:05,581 - __main__ - INFO - K-mer index built for database (cached)
2026-09-12 06:34:04,363 - __main__ - INFO - CSS loaded successfully from style.css
2026-09-13 12:15:45,726 - __main__ - INFO - CSS loaded successfully from style.css
2026-09-13 12:16:21,566 - __main__ - INFO - CSS loaded successfully from style.css
2026-09-13 12:16:21,802 - __main__ - INFO - CSS loaded successfully from style.css
2026-09-13 12:16:22,071 - __main__ - INFO - Starting analysis for record 1/1: Sequence 1
2026-09-13 12:16:22,526 - __main__ - INFO - find_similar_genes: k-mer prefilter returned 5 candidates for top_n=3
2026-09-13 12:27:40,142 - __main__ - INFO - CSS loaded successfully from style.css
2026-09-13 19:21:02,266 - __main__ - INFO - CSS loaded successfully from style.css
2026-09-13 19:24:35,624 - __main__ - INFO - CSS loaded successfully from style.css
2026-09-13 19:24:48,904 - __main__ - INFO - CSS loaded successfully from style.css
2026-09-13 19:24:49,172 - __main__ - INFO - CSS loaded successfully from style.css
2026-09-13 19:24:49,370 - __main__ - INFO - Starting analysis for record 1/1: Sequence 1
2026-09-13 19:24:49,836 - __main__ - INFO - find_similar_genes: k-mer prefilter returned 5 candidates for top_n=3
2026-09-13 19:25:00,836 - __main__ - INFO - Analysis session state saved
2026-09-13 19:26:16,111 - __main__ - INFO - CSS loaded successfully from style.css
2026-09-13 19:27:11,891 - __main__ - INFO - CSS loaded successfully from style.css
2026-09-13 19:27:12,196 - __main__ - INFO - CSS loaded successfully from style.css
2026-09-13 19:27:12,256 - __main__ - INFO - Starting analysis for record 1/1: Sequence 1
2026-09-13 19:27:12,778 - __main__ - INFO - find_similar_genes: k-mer prefilter returned 5 candidates for top_n=3
2026-09-13 19:27:12,787 - __main__ - INFO - Analysis session state saved
2026-09-14 06:29:56,222 - __main__ - INFO - CSS loaded successfully from style.css
2026-09-14 06:30:33,773 - __main__ - INFO - CSS loaded successfully from style.css
2026-09-14 06:30:34,067 - __main__ - INFO - CSS loaded successfully from style.css
2026-09-14 06:30:34,330 - __main__ - INFO - Starting analysis for record 1/1: Sequence 1
2026-09-14 06:30:34,841 - __main__ - INFO - find_similar_genes: k-mer prefilter returned 5 candidates for top_n=3
2026-09-14 06:30:46,605 - __main__ - WARNING - Database comparison failed: name 'result' is not defined
2026-09-14 06:30:46,683 - __main__ - INFO - Analysis session state saved
2026-09-14 06:39:43,326 - __main__ - INFO - CSS loaded successfully from style.css
2026-09-14 06:40:02,553 - __main__ - INFO - CSS loaded successfully from style.css
2026-09-14 06:40:07,894 - __main__ - INFO - CSS loaded successfully from style.css
2026-09-14 06:40:13,281 - __main__ - INFO - CSS loaded successfully from style.css
2026-09-14 06:40:13,566 - __main__ - INFO - CSS loaded successfully from style.css
2026-09-14 06:40:13,639 - __main__ - INFO - Starting analysis for record 1/1: Sequence 1
2026-09-14 06:40:13,878 - __main__ - INFO - find_similar_genes: k-mer prefilter returned 5 candidates for top_n=3
2026-09-14 06:40:13,882 - __main__ - INFO - Analysis session state saved
2026-09-14 06:42:13,302 - __main__ - INFO - CSS loaded successfully from style.css
2026-09-14 06:42:20,593 - __main__ - INFO - CSS loaded successfully from style.css
2026-09-14 06:42:21,596 - __main__ - INFO - CSS loaded successfully from style.css
2026-09-14 06:42:21,654 - __main__ - INFO - Starting analysis for record 1/1: Sequence 1
2026-09-14 06:42:21,936 - __main__ - INFO - find_similar_genes: k-mer prefilter returned 5 candidates for top_n=3
2026-09-14 06:42:28,335 - __main__ - INFO - Analysis session state saved
2026-09-14 06:42:49,195 - __main__ - INFO - CSS loaded successfully from style.css
2026-09-14 06:43:01,200 - __main__ - INFO - CSS loaded successfully from style.css
2026-09-14 06:43:01,648 - __main__ - INFO - CSS loaded successfully from style.css
2026-09-14 06:43:01,794 - __main__ - INFO - Starting analysis for record 1/1: Sequence 1
2026-09-14 06:43:02,205 - __main__ - INFO - find_similar_genes: k-mer prefilter returned 5 candidates for top_n=3
2026-09-14 06:43:02,217 - __main__ - INFO - Analysis session state saved
2026-09-14 20:12:33,987 - __main__ - INFO - CSS loaded successfully from style.css
2026-09-14 20:12:37,660 - __main__ - INFO - CSS loaded successfully from style.css
2026-09-14 20:13:41,470 - __main__ - INFO - CSS loaded successfully from style.css
2026-09-14 20:13:41,664 - __main__ - INFO - CSS loaded successfully from style.css
2026-09-14 20:13:42,119 - __main__ - INFO - Starting analysis for record 1/1: Sequence 1
2026-09-14 20:13:42,701 - __main__ - INFO - find_similar_genes: k-mer prefilter returned 5 candidates for top_n=3
2026-09-15 09:50:53,442 - __main__ - INFO - CSS loaded successfully from style.css
2026-09-15 09:51:11,639 - __main__ - INFO - CSS loaded successfully from style.css
2026-09-15 09:51:11,951 - __main__ - INFO - CSS loaded successfully from style.css
2026-09-15 09:51:12,316 - __main__ - INFO - Starting analysis for record 1/1: Sequence 1
2026-09-15 09:51:13,496 - __main__ - INFO - find_similar_genes: k-mer prefilter returned 5 candidates for top_n=3
2026-09-15 09:51:25,008 - __main__ - INFO - Analysis session state saved
2026-09-15 09:57:25,337 - __main__ - INFO - CSS loaded successfully from style.css
2026-09-15 09:57:32,345 - __main__ - INFO - CSS loaded successfully from style.css
2026-09-15 09:57:32,650 - __main__ - INFO - CSS loaded successfully from style.css
2026-09-15 09:57:32,910 - __main__ - INFO - Starting analysis for record 1/1: Sequence 1
2026-09-15 09:57:33,606 - __main__ - INFO - find_similar_genes: k-mer prefilter returned 5 candidates for top_n=3
2026-09-15 09:57:52,515 - __main__ - INFO - Analysis session state saved
2026-09-15 09:58:19,799 - __main__ - INFO - CSS loaded successfully from style.css
2026-09-15 09:58:38,009 - __main__ - INFO - CSS loaded successfully from style.css
2026-09-15 09:58:38,099 - __main__ - INFO - CSS loaded successfully from style.css
2026-09-15 09:58:38,526 - __main__ - INFO - Starting analysis for record 1/1: Sequence 1
2026-09-15 09:58:38,797 - __main__ - INFO - find_similar_genes: k-mer prefilter returned 5 candidates for top_n=3
2026-09-15 09:58:38,800 - __main__ - INFO - Analysis session state saved
2026-09-15 10:14:11,544 - __main__ - INFO - CSS loaded successfully from style.css
2026-09-15 10:14:50,676 - __main__ - INFO - CSS loaded successfully from style.css
2026-09-15 10:14:55,599 - __main__ - INFO - CSS loaded successfully from style.css
2026-09-15 10:14:55,803 - __main__ - INFO - CSS loaded successfully from style.css
2026-09-15 10:14:55,993 - __main__ - INFO - Starting analysis for record 1/1: Sequence 1
2026-09-15 10:14:56,308 - __main__ - INFO - find_similar_genes: k-mer prefilter returned 5 candidates for top_n=3
2026-09-15 10:15:14,058 - __main__ - INFO - Analysis session state saved
2026-09-15 10:23:55,627 - __main__ - INFO - CSS loaded successfully from style.css
2026-09-15 10:24:03,218 - __main__ - INFO - CSS loaded successfully from style.css
2026-09-15 10:24:03,432 - __main__ - INFO - CSS loaded successfully from style.css
2026-09-15 10:24:03,643 - __main__ - INFO - Starting analysis for record 1/1: Sequence 1
2026-09-15 10:24:03,970 - __main__ - INFO - find_similar_genes: k-mer prefilter returned 5 candidates for top_n=3
2026-09-15 10:24:22,221 - __main__ - INFO - Analysis session state saved
2026-09-15 10:34:31,499 - __main__ - INFO - CSS loaded successfully from style.css
2026-09-15 11:00:07,877 - __main__ - INFO - CSS loaded successfully from style.css
2026-09-15 11:00:14,432 - __main__ - INFO - CSS loaded successfully from style.css
2026-09-15 11:00:15,808 - __main__ - INFO - CSS loaded successfully from style.css
2026-09-15 11:00:31,090 - __main__ - INFO - CSS loaded successfully from style.css
2026-09-15 11:00:31,315 - __main__ - INFO - CSS loaded successfully from style.css
2026-09-15 11:00:31,604 - __main__ - INFO - Starting analysis for record 1/1: Sequence 1
2026-09-15 11:00:32,114 - __main__ - INFO - find_similar_genes: k-mer prefilter returned 5 candidates for top_n=3
2026-09-15 11:00:51,761 - __main__ - INFO - Analysis session state saved
2026-09-15 11:01:46,397 - __main__ - INFO - CSS loaded successfully from style.css
2026-09-15 11:07:01,081 - __main__ - INFO - CSS loaded successfully from style.css
2026-09-15 11:07:26,183 - __main__ - INFO - CSS loaded successfully from style.css
2026-09-15 11:07:26,473 - __main__ - INFO - CSS loaded successfully from style.css
2026-09-15 11:07:26,839 - __main__ - INFO - Starting analysis for record 1/1: Sequence 1
2026-09-15 11:07:27,433 - __main__ - INFO - find_similar_genes: k-mer prefilter returned 5 candidates for top_n=3
2026-09-15 11:07:47,335 - __main__ - INFO - Analysis session state saved
2026-09-15 14:42:41,087 - __main__ - INFO - CSS loaded successfully from style.css
2026-09-15 14:44:17,506 - __main__ - INFO - CSS loaded successfully from style.css
2026-09-15 18:38:22,901 - __main__ - INFO - CSS loaded successfully from style.css
2026-09-15 18:38:27,642 - __main__ - INFO - CSS loaded successfully from style.css
2026-09-15 18:53:39,727 - __main__ - INFO - CSS loaded successfully from style.css
2026-09-15 18:59:31,676 - __main__ - INFO - CSS loaded successfully from style.css
2026-09-15 18:59:59,008 - __main__ - INFO - CSS loaded successfully from style.css
2026-09-15 19:00:33,619 - __main__ - INFO - CSS loaded successfully from style.css
2026-09-15 19:00:33,905 - __main__ - INFO - CSS loaded successfully from style.css
2026-09-15 19:00:34,104 - __main__ - INFO - Starting analysis for record 1/1: Sequence 1
2026-09-15 19:00:34,774 - __main__ - INFO - find_similar_genes: k-mer prefilter returned 5 candidates for top_n=3
2026-09-15 19:00:58,149 - __main__ - INFO - Analysis session state saved
2026-09-15 19:15:06,426 - __main__ - INFO - CSS loaded successfully from style.css
2026-09-15 19:15:14,398 - __main__ - INFO - CSS loaded successfully from style.css
2026-09-15 19:15:26,686 - __main__ - INFO - CSS loaded successfully from style.css
2026-09-15 19:15:28,932 - __main__ - INFO - CSS loaded successfully from style.css
2026-09-15 19:15:29,042 - __main__ - INFO - Starting analysis for record 1/1: Sequence 1
2026-09-15 19:15:29,518 - __main__ - INFO - find_similar_genes: k-mer prefilter returned 5 candidates for top_n=3
2026-09-15 19:15:47,531 - __main__ - INFO - CSS loaded successfully from style.css
2026-09-15 19:15:58,194 - __main__ - INFO - CSS loaded successfully from style.css
2026-09-15 19:15:58,438 - __main__ - INFO - CSS loaded successfully from style.css
2026-09-15 19:15:58,525 - __main__ - INFO - Starting analysis for record 1/1: Sequence 1
2026-09-15 19:15:58,825 - __main__ - INFO - find_similar_genes: k-mer prefilter returned 5 candidates for top_n=3
2026-09-15 19:16:14,286 - __main__ - INFO - Analysis session state saved
2026-09-15 19:40:17,818 - __main__ - INFO - CSS loaded successfully from style.css
2026-09-15 19:40:20,828 - __main__ - INFO - CSS loaded successfully from style.css
2026-09-15 19:40:22,714 - __main__ - INFO - CSS loaded successfully from style.css
2026-09-15 19:40:28,066 - __main__ - INFO - CSS loaded successfully from style.css
2026-09-15 19:40:32,985 - __main__ - INFO - CSS loaded successfully from style.css
2026-09-15 19:40:33,210 - __main__ - INFO - CSS loaded successfully from style.css
2026-09-15 19:40:33,265 - __main__ - INFO - Starting analysis for record 1/1: Sequence 1
2026-09-15 19:40:33,544 - __main__ - INFO - find_similar_genes: k-mer prefilter returned 5 candidates for top_n=3
2026-09-15 19:40:47,743 - __main__ - INFO - Analysis session state saved
2026-09-15 19:42:02,048 - __main__ - INFO - CSS loaded successfully from style.css
2026-09-15 19:42:09,008 - __main__ - INFO - CSS loaded successfully from style.css
2026-09-15 19:42:17,080 - __main__ - INFO - CSS loaded successfully from style.css
2026-09-15 19:42:18,870 - __main__ - INFO - CSS loaded successfully from style.css
2026-09-15 19:42:18,954 - __main__ - INFO - Starting analysis for record 1/1: Sequence 1
2026-09-15 19:42:19,300 - __main__ - INFO - find_similar_genes: k-mer prefilter returned 5 candidates for top_n=3
2026-09-15 19:42:19,306 - __main__ - INFO - Analysis session state saved
2026-09-15 19:44:59,877 - __main__ - INFO - CSS loaded successfully from style.css
2026-09-15 19:45:06,250 - __main__ - INFO - CSS loaded successfully from style.css
2026-09-15 19:45:10,119 - __main__ - INFO - CSS loaded successfully from style.css
2026-09-15 19:45:10,213 - __main__ - INFO - Starting analysis for record 1/1: Sequence 1
2026-09-15 19:45:10,595 - __main__ - INFO - find_similar_genes: k-mer prefilter returned 5 candidates for top_n=3
2026-09-15 19:45:10,595 - __main__ - INFO - Analysis session state saved
2026-09-15 19:59:07,501 - __main__ - INFO - CSS loaded successfully from style.css
2026-09-15 19:59:22,198 - __main__ - INFO - CSS loaded successfully from style.css
2026-09-15 19:59:31,005 - __main__ - INFO - CSS loaded successfully from style.css
2026-09-15 19:59:33,581 - __main__ - INFO - CSS loaded successfully from style.css
2026-09-15 19:59:33,629 - __main__ - INFO - Starting analysis for record 1/1: Sequence 1
2026-09-15 19:59:33,997 - __main__ - INFO - find_similar_genes: k-mer prefilter returned 5 candidates for top_n=3
2026-09-15 19:59:51,374 - __main__ - INFO - Analysis session state saved
2026-09-15 21:51:53,944 - __main__ - INFO - CSS loaded successfully from style.css
2026-09-15 21:52:06,284 - __main__ - INFO - CSS loaded successfully from style.css
2026-09-15 22:08:49,036 - __main__ - INFO - CSS loaded successfully from style.css
2026-09-15 22:08:52,618 - __main__ - INFO - CSS loaded successfully from style.css
2026-09-15 22:09:17,510 - __main__ - INFO - CSS loaded successfully from style.css
2026-09-15 22:09:19,377 - __main__ - INFO - CSS loaded successfully from style.css
2026-09-15 22:09:31,407 - __main__ - INFO - CSS loaded successfully from style.css
2026-09-15 22:10:14,406 - __main__ - INFO - CSS loaded successfully from style.css
2026-09-15 22:10:14,504 - __main__ - INFO - Starting analysis for record 1/1: Sequence 1
2026-09-15 22:10:15,037 - __main__ - INFO - find_similar_genes: k-mer prefilter returned 5 candidates for top_n=3
2026-09-15 22:10:38,680 - __main__ - INFO - Analysis session state saved
2026-09-15 22:22:54,772 - __main__ - INFO - CSS loaded successfully from style.css
2026-09-15 22:23:02,453 - __main__ - INFO - CSS loaded successfully from style.css
2026-09-15 22:23:04,355 - __main__ - INFO - CSS loaded successfully from style.css
2026-09-15 22:23:04,409 - __main__ - INFO - Starting analysis for record 1/1: Sequence 1
2026-09-15 22:23:04,686 - __main__ - INFO - find_similar_genes: k-mer prefilter returned 5 candidates for top_n=3
2026-09-15 22:23:14,944 - __main__ - INFO - Analysis session state saved
2026-09-16 06:36:02,116 - __main__ - INFO - CSS loaded successfully from style.css
2026-09-16 06:36:11,107 - __main__ - INFO - CSS loaded successfully from style.css
2026-09-16 06:36:13,892 - __main__ - INFO - CSS loaded successfully from style.css
2026-09-16 06:36:13,946 - __main__ - INFO - Starting analysis for record 1/1: Sequence 1
2026-09-16 06:36:14,479 - __main__ - INFO - find_similar_genes: k-mer prefilter returned 5 candidates for top_n=3
2026-09-16 06:36:28,777 - __main__ - INFO - Analysis session state saved
2026-09-16 06:41:15,174 - __main__ - INFO - CSS loaded successfully from style.css
2026-09-16 06:41:24,702 - __main__ - INFO - CSS loaded successfully from style.css
2026-09-16 06:41:25,866 - __main__ - INFO - CSS loaded successfully from style.css
2026-09-16 06:41:25,952 - __main__ - INFO - Starting analysis for record 1/1: Sequence 1
2026-09-16 06:41:26,219 - __main__ - INFO - find_similar_genes: k-mer prefilter returned 5 candidates for top_n=3
2026-09-16 06:41:26,223 - __main__ - INFO - Analysis session state saved
2026-09-16 19:42:34,597 - __main__ - INFO - CSS loaded successfully from style.css
2026-09-16 19:57:46,326 - __main__ - INFO - CSS loaded successfully from style.css
2026-09-16 19:57:50,419 - __main__ - INFO - CSS loaded successfully from style.css
2026-09-16 19:58:00,955 - __main__ - INFO - CSS loaded successfully from style.css
2026-09-16 19:58:04,508 - __main__ - INFO - CSS loaded successfully from style.css
2026-09-16 19:58:04,609 - __main__ - INFO - Starting analysis for record 1/1: Sequence 1
2026-09-16 19:58:05,212 - __main__ - INFO - find_similar_genes: k-mer prefilter returned 5 candidates for top_n=3
2026-09-16 19:58:22,710 - __main__ - INFO - Analysis session state saved
2026-09-16 20:00:48,138 - __main__ - INFO - CSS loaded successfully from style.css
2026-09-16 20:00:49,395 - __main__ - INFO - CSS loaded successfully from style.css
2026-09-16 20:00:53,211 - __main__ - INFO - CSS loaded successfully from style.css
2026-09-16 20:00:53,563 - __main__ - INFO - CSS loaded successfully from style.css
2026-09-16 20:00:54,770 - __main__ - INFO - CSS loaded successfully from style.css
2026-09-16 20:05:22,495 - __main__ - INFO - CSS loaded successfully from style.css
2026-09-16 20:05:42,171 - __main__ - INFO - CSS loaded successfully from style.css
